01-01 00:00:03.482   360   360 E use-Rlog/RLOG-RIL-RAWDATA: qmi_qmux_tx_msg: failed to open inactive connd_id=29
01-01 00:00:03.482   360   360 E use-Rlog/RLOG-RIL-QMI: qmuxd: RX 968 bytes on fd=20 from qmux_client_id=0x0
01-01 00:00:03.482   360   360 E use-Rlog/RLOG-RIL-QMI: qmuxd: RX 968 bytes on fd=20 from qmux_client_id=0x0
01-01 00:00:03.482   360   360 E use-Rlog/RLOG-RIL-RAWDATA: qmi_ctl_handle_request: qmi_ctl_tx_msg call failed
01-01 00:00:03.483   360   360 E use-Rlog/RLOG-RIL-RAWDATA: qmi_qmux_open_connection: connection is disabled for conn_id=48
01-01 00:00:03.483   360   360 E use-Rlog/RLOG-RIL-RAWDATA: qmi_qmux_open_connection: connection is disabled for conn_id=57
01-01 00:00:03.483   360   360 E use-Rlog/RLOG-RIL-QMI: qmuxd: RX 968 bytes on fd=20 from qmux_client_id=0x0
01-01 00:00:03.483   360   360 E use-Rlog/RLOG-RIL-RAWDATA: qmi_qmux_open_connection: connection is disabled for conn_id=57
01-01 00:00:03.483   360   360 E use-Rlog/RLOG-RIL-QMI: qmuxd: RX 968 bytes on fd=20 from qmux_client_id=0x0
01-01 00:00:03.483   360   360 E use-Rlog/RLOG-RIL-RAWDATA: qmi_qmux_tx_msg: failed to open inactive connd_id=29
01-01 00:00:03.484   360   360 E use-Rlog/RLOG-RIL-QMI: qmuxd: TX message on fd=20, to qmux_client_id=0x0, len=968
01-01 00:00:03.484   360   360 E use-Rlog/RLOG-RIL-RAWDATA: qmi_ctl_tx_msg: qmi_qmux_tx_msg failed
01-01 00:00:03.484   360   360 E use-Rlog/RLOG-RIL-QMI: qmuxd: RX 968 bytes on fd=20 from qmux_client_id=0x0
01-01 00:00:03.484   360   360 E use-Rlog/RLOG-RIL-QMI: qmuxd: RX 968 bytes on fd=20 from qmux_client_id=0x0
01-01 00:00:03.484   360   360 E use-Rlog/RLOG-RIL-RAWDATA: qmi_qmux_open_connection: connection is disabled for conn_id=48
01-01 00:00:03.485   360   360 E use-Rlog/RLOG-RIL-RAWDATA: qmi_qmux_open_connection: connection is disabled for conn_id=57
01-01 00:00:03.485   360   360 E use-Rlog/RLOG-RIL-RAWDATA: qmi_qmux: TX failed, connection inactive or in reset, conn_id=57, status_flags=4
01-01 00:00:03.486   360   360 E use-Rlog/RLOG-RIL-QMI: qmuxd: RX 968 bytes on fd=20 from qmux_client_id=0x0
01-01 00:00:03.486   360   360 E use-Rlog/RLOG-RIL-RAWDATA: qmi_qmux_open_connection: connection is disabled for conn_id=29
01-01 00:00:03.486   360   360 E use-Rlog/RLOG-RIL-RAWDATA: qmi_qmux_tx_msg: failed to open inactive connd_id=29
01-01 00:00:03.486   360   360 E use-Rlog/RLOG-RIL-RAWDATA: qmi_qmux: TX failed, connection inactive or in reset, conn_id=29, status_flags=4
01-01 00:00:03.486   360   360 E use-Rlog/RLOG-RIL-RAWDATA: qmi_ctl_tx_msg: qmi_qmux_tx_msg failed
01-01 00:00:03.486   360   360 E use-Rlog/RLOG-RIL-RAWDATA: qmi_ctl_handle_request: qmi_ctl_tx_msg call failed
01-01 00:00:03.486   360   360 E use-Rlog/RLOG-RIL-QMI: qmuxd: TX message on fd=20, to qmux_client_id=0x0, len=968
01-01 00:00:03.486   360   360 E use-Rlog/RLOG-RIL-QMI: qmuxd: RX 968 bytes on fd=20 from qmux_client_id=0x0
01-01 00:00:03.486   360   360 E use-Rlog/RLOG-RIL-RAWDATA: qmi_qmux: TX failed, connection inactive or in reset, conn_id=48, status_flags=4
01-01 00:00:03.486   360   360 E use-Rlog/RLOG-RIL-QMI: qmuxd: TX message on fd=20, to qmux_client_id=0x0, len=968
01-01 00:00:03.487   360   360 E use-Rlog/RLOG-RIL-RAWDATA: qmi_qmux_open_connection: connection is disabled for conn_id=57
01-01 00:00:03.487   360   360 E use-Rlog/RLOG-RIL-QMI: qmuxd: RX 968 bytes on fd=20 from qmux_client_id=0x0
01-01 00:00:03.487   360   360 E use-Rlog/RLOG-RIL-QMI: qmuxd: RX 968 bytes on fd=20 from qmux_client_id=0x0
01-01 00:00:03.487   360   360 E use-Rlog/RLOG-RIL-RAWDATA: qmi_qmux_open_connection: connection is disabled for conn_id=29
01-01 00:00:03.487   360   360 E use-Rlog/RLOG-RIL-RAWDATA: qmi_qmux_tx_msg: failed to open inactive connd_id=29
01-01 00:00:03.488   360   360 E use-Rlog/RLOG-RIL-RAWDATA: qmi_ctl_handle_request: qmi_ctl_tx_msg call failed
01-01 00:00:03.488   360   360 E use-Rlog/RLOG-RIL-QMI: qmuxd: TX message on fd=20, to qmux_client_id=0x0, len=968
01-01 00:00:03.488   360   360 E use-Rlog/RLOG-RIL-QMI: qmuxd: RX 968 bytes on fd=20 from qmux_client_id=0x0
01-01 00:00:03.488   360   360 E use-Rlog/RLOG-RIL-RAWDATA: qmi_qmux_open_connection: connection is disabled for conn_id=48
01-01 00:00:03.488   360   360 E use-Rlog/RLOG-RIL-QMI: qmuxd: RX 968 bytes on fd=20 from qmux_client_id=0x0
01-01 00:00:03.489   360   360 E use-Rlog/RLOG-RIL-QMI: qmuxd: RX 968 bytes on fd=20 from qmux_client_id=0x0
01-01 00:00:03.489   360   360 E use-Rlog/RLOG-RIL-RAWDATA: qmi_ctl_tx_msg: qmi_qmux_tx_msg failed
01-01 00:00:03.489   360   360 E use-Rlog/RLOG-RIL-RAWDATA: qmi_ctl_tx_msg: qmi_qmux_tx_msg failed
01-01 00:00:03.489   360   360 E use-Rlog/RLOG-RIL-QMI: qmuxd: TX message on fd=20, to qmux_client_id=0x0, len=968
01-01 00:00:03.489   360   360 E use-Rlog/RLOG-RIL-QMI: qmuxd: RX 968 bytes on fd=20 from qmux_client_id=0x0
01-01 00:00:03.490   360   360 E use-Rlog/RLOG-RIL-QMI: qmuxd: RX 968 bytes on fd=20 from qmux_client_id=0x0
01-01 00:00:03.490   360   360 E use-Rlog/RLOG-RIL-RAWDATA: qmi_qmux_open_connection: connection is disabled for conn_id=48
01-01 00:00:03.490   360   360 E use-Rlog/RLOG-RIL-RAWDATA: qmi_qmux: TX failed, connection inactive or in reset, conn_id=57, status_flags=4
01-01 00:00:03.490   360   360 E use-Rlog/RLOG-RIL-QMI: qmuxd: TX message on fd=20, to qmux_client_id=0x0, len=968
01-01 00:00:03.490   360   360 E use-Rlog/RLOG-RIL-QMI: qmuxd: RX 968 bytes on fd=20 from qmux_client_id=0x0
01-01 00:00:03.490   360   360 E use-Rlog/RLOG-RIL-RAWDATA: qmi_qmux_open_connection: connection is disabled for conn_id=29
01-01 00:00:03.491   360   360 E use-Rlog/RLOG-RIL-RAWDATA: qmi_qmux_tx_msg: failed to open inactive connd_id=29
01-01 00:00:03.491   360   360 E use-Rlog/RLOG-RIL-QMI: qmuxd: RX 968 bytes on fd=20 from qmux_client_id=0x0
01-01 00:00:03.491   360   360 E use-Rlog/RLOG-RIL-RAWDATA: qmi_qmux: TX failed, connection inactive or in reset, conn_id=48, status_flags=4
01-01 00:00:03.491   360   360 E use-Rlog/RLOG-RIL-RAWDATA: qmi_ctl_handle_request: qmi_ctl_tx_msg call failed
01-01 00:00:03.492   360   360 E use-Rlog/RLOG-RIL-QMI: qmuxd: RX 968 bytes on fd=20 from qmux_client_id=0x0
01-01 00:00:03.492   360   360 E use-Rlog/RLOG-RIL-RAWDATA: qmi_qmux_open_connection: connection is disabled for conn_id=57
01-01 02:36:10.547   360   360 E use-Rlog/RLOG-RIL-QMI: qmuxd: linux_qmi_read_sysfs_config: couldn't open file /sys/module/f_rmnet/parameters/rmnet_ctl_ch
01-01 02:36:10.547   360   360 E use-Rlog/RLOG-RIL-QMI: qmuxd: linux_qmi_read_sysfs_config: couldn't open /sys/module/rmnet/parameters/rmnet_ctl_ch
01-01 02:36:10.547   360   360 E use-Rlog/RLOG-RIL-QMI: linux_qmi_qmux_if_configure_port_timeout: mode=0, smd_timeout=20, hsic_timeout=60
01-01 02:36:10.547   360   360 E use-Rlog/RLOG-RIL-QMI: linux_qmi_qmux_if_configure_port_timeout: failed to open HSIC timeout config=/sys/devices/virtual/hsicctl/hsicctl0/modem_wait errno [2:No such file or directory]
01-01 00:00:12.925   646   646 D TelephonyManager: /proc/cmdline=androidboot.hardware=qcom user_debug=31 msm_rtb.filter=0x37 ehci-hcd.park=3 zcache.enabled=1 zcache.compressor=lz4 androidboot.bootdevice=msm_sdcc.1 androidboot.selinux=permissive buildvariant=eng androidboot.sec_atd.tty=/dev/ttyHSL0 sec_log=0x100000@0x10000008 sec_dbg=0x80000@0x10100008 sec_debug.reset_reason=0x8 mdss_mdp.panel=1:dsi:0:mdss_dsi_samsung_1080p_cmd_fa2 lcd_id=0x602813 Panelres=1 pmic_info=3 androidboot.debug_level=0x4f4c sec_debug.enable=0 sec_debug.enable_user=0 androidboot.cp_debug_level=0x55FF sec_debug.enable_cp_debug=0 cordon=abf60582cd9a678c3a156b3ffa31178a connie=SM-G900F_OPEN_EUR_969612bf54ea466f149390fc99718608 loglevel=4 samsung.hardware=SM-G900F androidboot.revision=14 androidboot.emmc_checksum=3 androidboot.warranty_bit=1 fg_reset=0 androidboot.bootloader=G900FXXS1CQD4 androidboot.nvdata_backup=0 androidboot.boot_recovery=0 uart_dbg=0 sec_debug.pmc8974_rev=2 vmalloc=450m level=0x574f4c44 androidboot.emmc=true androidboot.serialno=818f9ae4 androidboot.baseband=msm
11-02 23:54:56.407   778   778 D TelephonyRegistry: listen oscl: hasNotifySubscriptionInfoChangedOccurred==false no callback
11-02 23:54:56.640   778   778 D TelephonyRegistry: systemRunning register for intents
11-02 23:54:56.671   778  1476 D TelephonyRegistry: listen oscl: hasNotifySubscriptionInfoChangedOccurred==false no callback
11-02 23:54:59.128   778   778 W CarrierConfigManager: Error getting config for subId -1 ICarrierConfigLoader is null
11-02 23:54:59.183   778   778 D TelephonyRegistry: notifyCellLocationForSubscriber: subId=0 cellLocation=Bundle[{cid=-1, lac=-1, psc=-1}]
11-02 23:54:59.671   778   843 D TelephonyRegistry: listen oscl: hasNotifySubscriptionInfoChangedOccurred==false no callback
11-02 23:55:00.236   778  1476 D TelephonyRegistry: listen oscl: hasNotifySubscriptionInfoChangedOccurred==false no callback
11-02 23:55:05.974  1564  1564 D TDC     : updateOrInsert: inserting: Modem { uuid=modem, state=0, rilModel=0, rat={}, maxActiveVoiceCall=1, maxActiveDataCall=1, maxStandby=1 }
11-02 23:55:05.976  1564  1564 D TDC     : updateOrInsert: inserting: Sim { uuid=sim, modemUuid=modem, state=0 }
11-02 23:55:05.991  1564  1564 D CdmaSSM : subscriptionSource from settings: 0
11-02 23:55:05.991  1564  1564 I PhoneFactory: Cdma Subscription set to 0
11-02 23:55:05.991  1564  1564 I PhoneFactory: ImsResolver: defaultImsPackage: 
11-02 23:55:06.024  1564  1564 I PhoneFactory: Network Mode set to 9
11-02 23:55:06.077  1564  1564 D RILJ    : RIL: init preferredNetworkType=9 cdmaSubscription=0)
11-02 23:55:06.108  1564  1564 E RILJ    : RadioProxy getService/setResponseFunctions: java.util.NoSuchElementException [SUB0]
11-02 23:55:06.109  1564  1564 E RILJ    : RadioProxy getService/setResponseFunctions: java.util.NoSuchElementException [SUB0]
11-02 23:55:06.111  1564  1564 E RILJ    : OemHookProxy getService/setResponseFunctions: java.util.NoSuchElementException [SUB0]
11-02 23:55:06.112  1564  1564 I PhoneFactory: Creating SubscriptionController
11-02 23:55:06.131  1564  1564 D SubscriptionController: [SubscriptionController] init by Context
11-02 23:55:06.138  1564  1564 D UiccController: Creating UiccController
11-02 23:55:06.183  1564  1564 D TelephonyTester: register for intent action=com.android.internal.telephony.action_detached
11-02 23:55:06.183  1564  1564 D TelephonyTester: register for intent action=com.android.internal.telephony.action_attached
11-02 23:55:06.188  1564  1564 D Phone   : mDoesRilSendMultipleCallRing=false
11-02 23:55:06.188  1564  1564 D Phone   : mCallRingDelay=3000
11-02 23:55:06.208  1564  1564 W CarrierConfigManager: Error getting config for subId -1 ICarrierConfigLoader is null
11-02 23:55:06.217  1564  1564 D CarrierActionAgent: [0]Creating CarrierActionAgent
11-02 23:55:06.222  1564  1564 E RILJ    : RadioProxy getService/setResponseFunctions: java.util.NoSuchElementException [SUB0]
11-02 23:55:06.272  1564  1564 E RIL_ImsSms: getFormat should never be called from here!
11-02 23:55:06.272  1564  1564 D SMSDispatcher: SMSDispatcher: ctor mSmsCapable=true format=unknown mSmsSendDisabled=false
11-02 23:55:06.272  1564  1564 D RIL_ImsSms: ImsSMSDispatcher created
11-02 23:55:06.278  1564  1564 D SMSDispatcher: SMSDispatcher: ctor mSmsCapable=true format=3gpp2 mSmsSendDisabled=false
11-02 23:55:06.278  1564  1564 D CdmaSMSDispatcher: CdmaSMSDispatcher created
11-02 23:55:06.310  1564  1564 D GsmInboundSmsHandler: created InboundSmsHandler
11-02 23:55:06.323  1564  1564 D CdmaInboundSmsHandler: created InboundSmsHandler
11-02 23:55:06.334  1564  1564 D SMSDispatcher: SMSDispatcher: ctor mSmsCapable=true format=3gpp mSmsSendDisabled=false
11-02 23:55:06.334  1564  1564 D GsmSMSDispatcher: GsmSMSDispatcher created
11-02 23:55:06.339  1564  1766 D GsmInboundSmsHandler: StartupState.processMessage:6
11-02 23:55:06.339  1564  1768 D CdmaInboundSmsHandler: StartupState.processMessage:6
11-02 23:55:06.339  1564  1766 D GsmInboundSmsHandler: entering Idle state
11-02 23:55:06.339  1564  1768 D CdmaInboundSmsHandler: entering Idle state
11-02 23:55:06.348  1564  1564 D IccCardProxy: ctor: ci=com.android.internal.telephony.RIL@f69b67d phoneId=0
11-02 23:55:06.348  1564  1564 D CdmaSSM : subscriptionSource from settings: 0
11-02 23:55:06.348  1564  1564 D CdmaSSM : cdmaSSM constructor: 0
11-02 23:55:06.349  1564  1564 D IccCardProxy: update icc_operator_numeric=
11-02 23:55:06.349  1564  1564 D TelephonyManager: setTelephonyProperty: success phoneId=0 property=gsm.sim.operator.numeric value:  propVal=
11-02 23:55:06.350  1564  1564 D TelephonyManager: setTelephonyProperty: success phoneId=0 property=gsm.sim.operator.iso-country value:  propVal=
11-02 23:55:06.351  1564  1564 D TelephonyManager: setTelephonyProperty: success phoneId=0 property=gsm.sim.operator.alpha value:  propVal=
11-02 23:55:06.352  1564  1564 E IccCardProxy: setExternalState: set mPhoneId=0 mExternalState=NOT_READY
11-02 23:55:06.352  1564  1564 D TelephonyManager: setTelephonyProperty: success phoneId=0 property=gsm.sim.state value: NOT_READY propVal=NOT_READY
11-02 23:55:06.353  1564  1564 D IccCardProxy: broadcastIccStateChangedIntent intent ACTION_SIM_STATE_CHANGED value=NOT_READY reason=null for mPhoneId=0
11-02 23:55:06.364  1564  1583 D SubscriptionController: [getActiveSubInfoList] Sub Controller not ready
11-02 23:55:06.365  1564  1564 D RILJ    : setPhoneType=1 old value=0 [SUB0]
11-02 23:55:06.365  1564  1564 D TelephonyManager: setTelephonyProperty: success phoneId=0 property=gsm.current.phone-type value: 1 propVal=1
11-02 23:55:06.365  1564  1564 D IccCardProxy: Setting radio tech UMTS
11-02 23:55:06.366  1564  1564 D IccCardProxy: updateQuietMode: 3GPP subscription -> newQuietMode=false
11-02 23:55:06.366  1564  1564 D IccCardProxy: updateQuietMode: no changes don't setExternalState
11-02 23:55:06.366  1564  1564 D IccCardProxy: updateQuietMode: QuietMode is false (app_type=1 cdmaSource=-1)
11-02 23:55:06.412  1564  1564 W CarrierConfigManager: Error getting config for subId -1 ICarrierConfigLoader is null
11-02 23:55:06.414   778  1476 D TelephonyRegistry: listen oscl: hasNotifySubscriptionInfoChangedOccurred==false no callback
11-02 23:55:06.435  1564  1564 D TelephonyManager: setTelephonyProperty: success phoneId=0 property=gsm.network.type value: Unknown propVal=Unknown
11-02 23:55:06.437  1564  1564 E RILJ    : RadioProxy getService/setResponseFunctions: java.util.NoSuchElementException [SUB0]
11-02 23:55:06.441  1564  1564 D SST     : notifyDataRegStateRilRadioTechnologyChanged: drs=1 rat=0
11-02 23:55:06.441  1564  1564 D TelephonyManager: setTelephonyProperty: success phoneId=0 property=gsm.network.type value: Unknown propVal=Unknown
11-02 23:55:06.477  1564  1564 D DCT     : [0]DCT.constructor
11-02 23:55:06.485  1564  1564 D DCT     : [0]getDataEnabled during provisioning retVal=true - (true, 1)
11-02 23:55:06.489   778  1420 D TelephonyRegistry: listen oscl: hasNotifySubscriptionInfoChangedOccurred==false no callback
11-02 23:55:06.494  1564  1564 D Dcc     : E ctor
11-02 23:55:06.495  1564  1564 D Dcc     : X ctor
11-02 23:55:06.498  1564  1564 D SubscriptionController: [getPhoneId] asked for default subId=-1
11-02 23:55:06.502  1564  1772 D DcTesterDeacativateAll: register for intent action=com.android.internal.telephony.dataconnection.action_deactivate_all
11-02 23:55:06.502  1564  1772 D DcTesterDeacativateAll: register for intent action=com.android.internal.telephony.action_detached
11-02 23:55:06.507  1564  1564 D DcTesterFailBrinupAll: register for intent action=com.android.internal.telephony.dataconnection.action_fail_bringup
11-02 23:55:06.507  1564  1564 D DcTesterFailBrinupAll: register for intent action=com.android.internal.telephony.action_detached
11-02 23:55:06.507  1564  1564 D DcTesterFailBrinupAll: register for intent action=com.android.internal.telephony.action_attached
11-02 23:55:06.510  1564  1564 D SST     : notifyDataRegStateRilRadioTechnologyChanged: drs=1 rat=0
11-02 23:55:06.511  1564  1564 D TelephonyManager: setTelephonyProperty: success phoneId=0 property=gsm.network.type value: Unknown propVal=Unknown
11-02 23:55:06.512  1564  1564 D DCT     : [0]update sub = -2
11-02 23:55:06.512  1564  1564 D DCT     : [0]update(): Active DDS, register for all events now!
11-02 23:55:06.514  1564  1564 D DCT     : [0]getDataEnabled during provisioning retVal=true - (true, 1)
11-02 23:55:06.517  1564  1564 D GsmCdmaPhone: [GsmCdmaPhone] updateCurrentCarrierInProvider: mSubId = -2 currentDds = -1 operatorNumeric = null
11-02 23:55:06.520  1564  1564 D DCT     : [0]initApnContexts: E
11-02 23:55:06.521  1564  1564 D DCT     : [0]initApnContexts: skipping unknown type=1
11-02 23:55:06.526  1564  1564 D DCT     : [0]initApnContexts: apnContext={mApnType=default mState=IDLE mWaitingApns={null} mApnSetting={null} mReason=dataEnabled mDataEnabled=false mDependencyMet=true}
11-02 23:55:06.527  1564  1564 D DCT     : [0]initApnContexts: apnContext={mApnType=mms mState=IDLE mWaitingApns={null} mApnSetting={null} mReason=dataEnabled mDataEnabled=false mDependencyMet=true}
11-02 23:55:06.528  1564  1564 D DCT     : [0]initApnContexts: apnContext={mApnType=supl mState=IDLE mWaitingApns={null} mApnSetting={null} mReason=dataEnabled mDataEnabled=false mDependencyMet=true}
11-02 23:55:06.528  1564  1564 D DCT     : [0]initApnContexts: apnContext={mApnType=dun mState=IDLE mWaitingApns={null} mApnSetting={null} mReason=dataEnabled mDataEnabled=false mDependencyMet=true}
11-02 23:55:06.528  1564  1564 D DCT     : [0]initApnContexts: apnContext={mApnType=hipri mState=IDLE mWaitingApns={null} mApnSetting={null} mReason=dataEnabled mDataEnabled=false mDependencyMet=true}
11-02 23:55:06.529  1564  1564 D DCT     : [0]initApnContexts: skipping unknown type=7
11-02 23:55:06.529  1564  1564 D DCT     : [0]initApnContexts: skipping unknown type=13
11-02 23:55:06.577  1564  1564 D GsmCdmaPhone: [GsmCdmaPhone] GsmCdmaPhone: constructor: sub = 0
11-02 23:55:06.577  1564  1564 I PhoneFactory: Creating Phone with type = 1 sub = 0
11-02 23:55:06.593  1564  1564 I PhoneFactory: defaultSmsApplication: NONE
11-02 23:55:06.600  1564  1564 I PhoneFactory: Creating SubInfoRecordUpdater 
11-02 23:55:06.610  1564  1564 D SubscriptionInfoUpdater: Constructor invoked
11-02 23:55:06.794  1564  1564 I ImsManager: Creating ImsService using ServiceManager
11-02 23:55:06.802   778  1611 D TelephonyRegistry: listen oscl: hasNotifySubscriptionInfoChangedOccurred==false no callback
11-02 23:55:06.808   778   842 D TelephonyRegistry: listen oscl: hasNotifySubscriptionInfoChangedOccurred==false no callback
11-02 23:55:06.814  1564  1564 D PhoneSwitcher: PhoneSwitcher started
11-02 23:55:06.825  1564  1564 D ProxyController: Constructor - Enter
11-02 23:55:06.834  1564  1564 D ProxyController: clearTransaction
11-02 23:55:06.834  1564  1564 D ProxyController: clearTransaction: phoneId=0 status=IDLE
11-02 23:55:06.834  1564  1564 D ProxyController: Constructor - Exit
11-02 23:55:06.880  1564  1564 D TelephonyNetworkFactory[0]: Registering NetworkFactory
11-02 23:55:06.888  1564  1564 D CallManager: registerPhone(GSM Handler (com.android.internal.telephony.GsmCdmaPhone) {d56569c})
11-02 23:55:06.912   778  1459 D TelephonyRegistry: listen oscl: hasNotifySubscriptionInfoChangedOccurred==false no callback
11-02 23:55:06.971   778  1420 D TelephonyRegistry: listen oscl: hasNotifySubscriptionInfoChangedOccurred==false no callback
11-02 23:55:06.980  1564  1564 D CallManager: registerForMmiComplete
11-02 23:55:07.030  1564  1564 E RILJ    : RadioProxy getService/setResponseFunctions: java.util.NoSuchElementException [SUB0]
11-02 23:55:07.038   778  1420 D TelephonyRegistry: listen oscl: hasNotifySubscriptionInfoChangedOccurred==false no callback
11-02 23:55:07.040  1564  1564 D SubscriptionController: [getPhoneId] asked for default subId=-1
11-02 23:55:07.061  1564  1564 D SubscriptionController: [getSlotIndex]- subId invalid
11-02 23:55:07.064  1564  1564 D UiccController: EVENT_RADIO_UNAVAILABLE, dispose card
11-02 23:55:07.065  1564  1564 D Phone   : config LCE service failed: com.android.internal.telephony.CommandException: RADIO_NOT_AVAILABLE
11-02 23:55:07.066  1564  1564 E RILJ    : RadioProxy getService/setResponseFunctions: java.util.NoSuchElementException [SUB0]
11-02 23:55:07.067  1564  1564 D GsmSMSDispatcher: GsmSMSDispatcher: subId = -2 slotId = 0
11-02 23:55:07.067  1564  1564 E IccCardProxy: setExternalState: !override and newstate unchanged from NOT_READY
11-02 23:55:07.067  1564  1564 E IccCardProxy: setExternalState: !override and newstate unchanged from NOT_READY
11-02 23:55:07.067  1564  1564 D GsmCdmaPhone: [GsmCdmaPhone] Event EVENT_RADIO_OFF_OR_NOT_AVAILABLE Received
11-02 23:55:07.075  1564  1564 E IccCardProxy: setExternalState: !override and newstate unchanged from NOT_READY
11-02 23:55:07.076  1564  1564 D SST     : mDeviceShuttingDown=false, mDesiredPowerState=true, getRadioState=RADIO_UNAVAILABLE, mPowerOffDelayNeed=true, mAlarmSwitch=false, mRadioDisabledByCarrier=false
11-02 23:55:07.080  1564  1564 D SST     : pollState: modemTriggered=true
11-02 23:55:07.081  1564  1564 D SST     : Poll ServiceState done:  oldSS=[1 1 voice home data home null null null null null null  Unknown Unknown CSS not supported 0 0 RoamInd=0 DefRoamInd=0 EmergOnly=false IsDataRoamingFromRegistration=false IsUsingCarrierAggregation=false mLteEarfcnRsrpBoost=0] newSS=[1 1 voice home data home null null null null null null  Unknown Unknown CSS not supported -1 -1 RoamInd=-1 DefRoamInd=-1 EmergOnly=false IsDataRoamingFromRegistration=false IsUsingCarrierAggregation=false mLteEarfcnRsrpBoost=0] oldMaxDataCalls=1 mNewMaxDataCalls=1 oldReasonDataDenied=-1 mNewReasonDataDenied=-1
11-02 23:55:07.082  1564  1564 D SST     : pollStateDone: hasRegistered=false hasDeregistered=false hasDataAttached=false hasDataDetached=false hasDataRegStateChanged=false hasRilVoiceRadioTechnologyChanged= false hasRilDataRadioTechnologyChanged=false hasChanged=true hasVoiceRoamingOn=false hasVoiceRoamingOff=false hasDataRoamingOn=false hasDataRoamingOff=false hasLocationChanged=false has4gHandoff = false hasMultiApnSupport=false hasLostMultiApnSupport=false
11-02 23:55:07.082  1564  1564 D SST     : updateSpnDisplay: radio is on but out of service, set plmn='No service'
11-02 23:55:07.084  1564  1564 D SST     : updateSpnDisplay: changed sending intent rule=0 showPlmn='true' plmn='No service' showSpn='false' spn='' dataSpn='' subId='-2'
11-02 23:55:07.092  1564  1564 D SubscriptionController: [setPlmnSpn] No valid subscription to store info
11-02 23:55:07.096  1564  1564 D SubscriptionController: notifySubscriptionInfoChanged:
11-02 23:55:07.096   778  1459 D TelephonyRegistry: notifySubscriptionInfoChanged: first invocation mRecords.size=17
11-02 23:55:07.100  1564  1581 D SubscriptionController: [getActiveSubInfoList] Sub Controller not ready
11-02 23:55:07.102  1564  1564 D TelephonyManager: setTelephonyProperty: success phoneId=0 property=gsm.operator.alpha value:  propVal=
11-02 23:55:07.102  1564  1770 D SubscriptionController: [getActiveSubInfoList] Sub Controller not ready
11-02 23:55:07.103  1564  1564 D TelephonyManager: setTelephonyProperty: success phoneId=0 property=gsm.operator.numeric value:  propVal=
11-02 23:55:07.103  1564  1564 D SST     : operatorNumeric null is invalid
11-02 23:55:07.104  1564  1564 D TelephonyManager: setTelephonyProperty: success phoneId=0 property=gsm.operator.iso-country value:  propVal=
11-02 23:55:07.104  1564  1564 D TelephonyManager: setTelephonyProperty: success phoneId=0 property=gsm.operator.isroaming value: false propVal=false
11-02 23:55:07.105  1564  1564 D SST     : Broadcasting ServiceState : 1 1 voice home data home null null null null null null  Unknown Unknown CSS not supported -1 -1 RoamInd=-1 DefRoamInd=-1 EmergOnly=false IsDataRoamingFromRegistration=false IsUsingCarrierAggregation=false mLteEarfcnRsrpBoost=0
11-02 23:55:07.106  1564  1583 D SubscriptionController: [getActiveSubInfoList] Sub Controller not ready
11-02 23:55:07.107  1564  1564 D DefaultPhoneNotifier: nofityServiceState: mRegistry=com.android.internal.telephony.ITelephonyRegistry$Stub$Proxy@4ec18d2 ss=1 1 voice home data home null null null null null null  Unknown Unknown CSS not supported -1 -1 RoamInd=-1 DefRoamInd=-1 EmergOnly=false IsDataRoamingFromRegistration=false IsUsingCarrierAggregation=false mLteEarfcnRsrpBoost=0 sender=Handler (com.android.internal.telephony.GsmCdmaPhone) {d56569c} phondId=0 subId=-2
11-02 23:55:07.116  1564  1564 D SubscriptionController: [getSlotIndex]- subId invalid
11-02 23:55:07.157  1564  1564 D SST     : mDeviceShuttingDown=false, mDesiredPowerState=true, getRadioState=RADIO_UNAVAILABLE, mPowerOffDelayNeed=true, mAlarmSwitch=false, mRadioDisabledByCarrier=false
11-02 23:55:07.159  1564  1564 D SST     : pollState: modemTriggered=true
11-02 23:55:07.160  1564  1564 D SST     : Poll ServiceState done:  oldSS=[1 1 voice home data home null null null null null null  Unknown Unknown CSS not supported -1 -1 RoamInd=-1 DefRoamInd=-1 EmergOnly=false IsDataRoamingFromRegistration=false IsUsingCarrierAggregation=false mLteEarfcnRsrpBoost=0] newSS=[1 1 voice home data home null null null null null null  Unknown Unknown CSS not supported -1 -1 RoamInd=-1 DefRoamInd=-1 EmergOnly=false IsDataRoamingFromRegistration=false IsUsingCarrierAggregation=false mLteEarfcnRsrpBoost=0] oldMaxDataCalls=1 mNewMaxDataCalls=1 oldReasonDataDenied=-1 mNewReasonDataDenied=-1
11-02 23:55:07.160  1564  1564 D SST     : pollStateDone: hasRegistered=false hasDeregistered=false hasDataAttached=false hasDataDetached=false hasDataRegStateChanged=false hasRilVoiceRadioTechnologyChanged= false hasRilDataRadioTechnologyChanged=false hasChanged=false hasVoiceRoamingOn=false hasVoiceRoamingOff=false hasDataRoamingOn=false hasDataRoamingOff=false hasLocationChanged=false has4gHandoff = false hasMultiApnSupport=false hasLostMultiApnSupport=false
11-02 23:55:07.164  1564  1564 D DCT     : [0]NETWORK_STATE_CHANGED_ACTION: mIsWifiConnected=false
11-02 23:55:07.164  1564  1564 D DCT     : [0]Wifi state changed
11-02 23:55:07.165  1564  1564 D DCT     : [0]WIFI_STATE_CHANGED_ACTION: enabled=true mIsWifiConnected=false
11-02 23:55:07.165  1564  1564 D DCT     : [0]onRadioOffOrNotAvailable: is off and clean up all connections
11-02 23:55:07.165  1564  1564 D DCT     : [0]cleanUpAllConnections: tearDown=false reason=radioTurnedOff
11-02 23:55:07.166  1564  1564 D GsmCdmaPhone: [GsmCdmaPhone] getDataConnectionState apnType=default ret=DISCONNECTED
11-02 23:55:07.175  1564  1564 D DCT     : [0]cleanUpConnection: X tearDown=false reason=radioTurnedOff apnContext={mApnType=default mState=IDLE mWaitingApns={null} mApnSetting={null} mReason=radioTurnedOff mDataEnabled=false mDependencyMet=true} dcac=null
11-02 23:55:07.175  1564  1564 D GsmCdmaPhone: [GsmCdmaPhone] getDataConnectionState apnType=mms ret=DISCONNECTED
11-02 23:55:07.181  1564  1564 D DCT     : [0]cleanUpConnection: X tearDown=false reason=radioTurnedOff apnContext={mApnType=mms mState=IDLE mWaitingApns={null} mApnSetting={null} mReason=radioTurnedOff mDataEnabled=false mDependencyMet=true} dcac=null
11-02 23:55:07.182  1564  1564 D GsmCdmaPhone: [GsmCdmaPhone] getDataConnectionState apnType=supl ret=DISCONNECTED
11-02 23:55:07.190  1564  1564 D DCT     : [0]cleanUpConnection: X tearDown=false reason=radioTurnedOff apnContext={mApnType=supl mState=IDLE mWaitingApns={null} mApnSetting={null} mReason=radioTurnedOff mDataEnabled=false mDependencyMet=true} dcac=null
11-02 23:55:07.190  1564  1564 D GsmCdmaPhone: [GsmCdmaPhone] getDataConnectionState apnType=dun ret=DISCONNECTED
11-02 23:55:07.196  1564  1564 D DCT     : [0]cleanUpConnection: X tearDown=false reason=radioTurnedOff apnContext={mApnType=dun mState=IDLE mWaitingApns={null} mApnSetting={null} mReason=radioTurnedOff mDataEnabled=false mDependencyMet=true} dcac=null
11-02 23:55:07.196  1564  1564 D GsmCdmaPhone: [GsmCdmaPhone] getDataConnectionState apnType=hipri ret=DISCONNECTED
11-02 23:55:07.203  1564  1564 D DCT     : [0]cleanUpConnection: X tearDown=false reason=radioTurnedOff apnContext={mApnType=hipri mState=IDLE mWaitingApns={null} mApnSetting={null} mReason=radioTurnedOff mDataEnabled=false mDependencyMet=true} dcac=null
11-02 23:55:07.203  1564  1564 D DCT     : [0]stopNetStatPoll
11-02 23:55:07.204  1564  1564 D DCT     : [0]cleanUpConnection: mDisconnectPendingCount = 0
11-02 23:55:07.206  1564  1564 D DCT     : [0]isDataAllowed: No - SIM not loaded - defaultDataSelected= false - Not attached
11-02 23:55:07.257  1564  1564 D DCT     : [0]onDataConnectionDetached: stop polling and notify detached
11-02 23:55:07.257  1564  1564 D DCT     : [0]stopNetStatPoll
11-02 23:55:07.261  1564  1564 D DCT     : [0]notifyDataConnection: reason=dataDetached
11-02 23:55:07.262  1564  1564 D DCT     : [0]isDataAllowed: No - SIM not loaded - defaultDataSelected= false - Not attached
11-02 23:55:07.318  1564  1564 D DCT     : [0]onDataRoamingOff
11-02 23:55:07.321  1564  1564 D DCT     : [0]notifyDataConnection: reason=roamingOff
11-02 23:55:07.322  1564  1564 D DCT     : [0]isDataAllowed: No - SIM not loaded - defaultDataSelected= false - Not attached
11-02 23:55:07.359  1564  1564 D DCT     : [0]setupDataOnConnectableApns: nwTypeChanged hipri:[state=IDLE,enabled=false] mms:[state=IDLE,enabled=false] supl:[state=IDLE,enabled=false] default:[state=IDLE,enabled=false] dun:[state=IDLE,enabled=false] 
11-02 23:55:07.364  1564  1564 D SubscriptionInfoUpdater: [Receiver]+
11-02 23:55:07.364  1564  1564 D SubscriptionInfoUpdater: Action: android.intent.action.SIM_STATE_CHANGED
11-02 23:55:07.365  1564  1564 D SubscriptionInfoUpdater: slotIndex: 0
11-02 23:55:07.365  1564  1564 D SubscriptionInfoUpdater: simStatus: NOT_READY
11-02 23:55:07.365  1564  1564 D SubscriptionInfoUpdater: Ignoring simStatus: NOT_READY
11-02 23:55:07.365  1564  1564 D SubscriptionInfoUpdater: [Receiver]-
11-02 23:55:07.370  1564  1564 D TelephonyNetworkFactory[0]: onSubIdChange -1->-2
11-02 23:55:07.371  1564  1564 D TelephonyNetworkFactory[0]: got request NetworkRequest [ REQUEST id=1, [ Capabilities: INTERNET&NOT_RESTRICTED&TRUSTED&NOT_VPN] ] with score 0
11-02 23:55:07.371  1564  1564 D TelephonyNetworkFactory[0]: got request NetworkRequest [ BACKGROUND_REQUEST id=2, [ Transports: CELLULAR Capabilities: INTERNET&NOT_RESTRICTED&TRUSTED&NOT_VPN] ] with score 0
11-02 23:55:07.372  1564  1564 D TelephonyNetworkFactory[0]: got request NetworkRequest [ TRACK_DEFAULT id=3, [ Capabilities: INTERNET&NOT_RESTRICTED&TRUSTED&NOT_VPN] ] with score 0
11-02 23:55:07.373  1564  1564 D DebugService: DebugService DebugService:
11-02 23:55:07.450  1564  1564 E RILJ    : RadioProxy getService/setResponseFunctions: java.util.NoSuchElementException [SUB0]
11-02 23:55:07.451  1564  1564 D GsmSMSDispatcher: GsmSMSDispatcher: subId = -2 slotId = 0
11-02 23:55:07.451  1564  1564 E IccCardProxy: setExternalState: !override and newstate unchanged from NOT_READY
11-02 23:55:07.451  1564  1564 D GsmCdmaCallTracker: Event EVENT_POLL_CALLS_RESULT Received
11-02 23:55:07.452  1564  1564 D GsmCdmaCallTracker: [GsmCdmaCallTracker] update phone state, old=IDLE new=IDLE
11-02 23:55:07.452  1564  1564 D SST     : SubscriptionListener.onSubscriptionInfoChanged
11-02 23:55:07.452  1564  1564 D GsmCdmaPhone: [GsmCdmaPhone] updateVoiceMail countVoiceMessages = 0 subId -2
11-02 23:55:07.452  1564  1564 E Phone   : setVoiceMessageCount in sharedPreference: invalid subId -2
11-02 23:55:07.453  1564  1564 D DCT     : [0]SubscriptionListener.onSubscriptionInfoChanged
11-02 23:55:07.454  1564  1564 D PhoneSwitcher: evaluating due to subChanged default 0->-1 phone[0] 0->-2
11-02 23:55:07.458  1564  1564 D SubscriptionController: [getActiveSubInfoList] Sub Controller not ready
11-02 23:55:07.461  1564  1564 D SubscriptionController: [getActiveSubInfoList] Sub Controller not ready
11-02 23:55:07.551  1564  1564 D PhoneSwitcher: evaluating due to netRequest
11-02 23:55:07.553  1564  1564 I chatty  : uid=1001(radio) com.android.phone identical 1 line
11-02 23:55:07.557  1564  1564 D PhoneSwitcher: evaluating due to netRequest
11-02 23:55:07.564  1564  1564 D TelephonyNetworkFactory[0]: not acting - isApp=false, isAct=false NetworkRequest [ REQUEST id=1, [ Capabilities: INTERNET&NOT_RESTRICTED&TRUSTED&NOT_VPN] ]
11-02 23:55:07.570  1564  1564 D TelephonyNetworkFactory[0]: not acting - isApp=false, isAct=false NetworkRequest [ BACKGROUND_REQUEST id=2, [ Transports: CELLULAR Capabilities: INTERNET&NOT_RESTRICTED&TRUSTED&NOT_VPN] ]
11-02 23:55:07.574  1564  1564 D TelephonyNetworkFactory[0]: not acting - isApp=false, isAct=false NetworkRequest [ TRACK_DEFAULT id=3, [ Capabilities: INTERNET&NOT_RESTRICTED&TRUSTED&NOT_VPN] ]
11-02 23:55:09.298  1564  1765 D GsmCellBroadcastHandler: mWakeLock released
11-02 23:55:09.321  1564  1767 D CellBroadcastHandler: mWakeLock released
11-02 23:55:09.333  1564  1769 D CdmaServiceCategoryProgramHandler: mWakeLock released
11-02 23:55:09.340  1564  1766 D GsmInboundSmsHandler: IdleState.processMessage:5
11-02 23:55:09.340  1564  1766 D GsmInboundSmsHandler: Idle state processing message type 5
11-02 23:55:09.340  1564  1768 D CdmaInboundSmsHandler: IdleState.processMessage:5
11-02 23:55:09.340  1564  1768 D CdmaInboundSmsHandler: Idle state processing message type 5
11-02 23:55:09.342  1564  1768 D CdmaInboundSmsHandler: mWakeLock released
11-02 23:55:09.343  1564  1766 D GsmInboundSmsHandler: mWakeLock released
11-02 23:55:10.109  1564  1564 D RILJ    : handleMessage: EVENT_RADIO_PROXY_DEAD cookie = 1 mRadioProxyCookie = 8 [SUB0]
11-02 23:55:10.110  1564  1564 D RILJ    : handleMessage: EVENT_RADIO_PROXY_DEAD cookie = 2 mRadioProxyCookie = 8 [SUB0]
11-02 23:55:10.112  1564  1564 D RILJ    : handleMessage: EVENT_RADIO_PROXY_DEAD cookie = 3 mRadioProxyCookie = 8 [SUB0]
11-02 23:55:10.227  1564  1564 D RILJ    : handleMessage: EVENT_RADIO_PROXY_DEAD cookie = 4 mRadioProxyCookie = 8 [SUB0]
11-02 23:55:10.270  1564  1564 D WAP PUSH: Received broadcast android.intent.action.USER_UNLOCKED
11-02 23:55:10.271  1564  1564 D WAP PUSH: Received broadcast android.intent.action.USER_UNLOCKED
11-02 23:55:10.272  1564  1564 D SmsBroadcastUndelivered: Received broadcast android.intent.action.USER_UNLOCKED
11-02 23:55:10.273  1564  1564 D SubscriptionInfoUpdater: [Receiver]+
11-02 23:55:10.273  1564  1875 D SmsBroadcastUndelivered: scanning raw table for undelivered messages
11-02 23:55:10.273  1564  1564 D SubscriptionInfoUpdater: Action: android.intent.action.USER_UNLOCKED
11-02 23:55:10.273  1564  1564 D SubscriptionInfoUpdater: Broadcasting intent ACTION_SIM_STATE_CHANGED for mCardIndex: 0
11-02 23:55:10.278  1564  1770 D DCT     : [0]fetchDunApn: net.tethering.noprovisioning=true ret: null
11-02 23:55:10.278  1564  1770 D DCT     : [0]hasMatchedTetherApnSetting: APN=null
11-02 23:55:10.290  1564  1564 D SubscriptionInfoUpdater: [Receiver]-
11-02 23:55:10.349  1564  1564 D SubscriptionInfoUpdater: [Receiver]+
11-02 23:55:10.349  1564  1564 D SubscriptionInfoUpdater: Action: android.intent.action.SIM_STATE_CHANGED
11-02 23:55:10.349  1564  1564 D SubscriptionInfoUpdater: slotIndex: 0
11-02 23:55:10.349  1564  1564 D SubscriptionInfoUpdater: simStatus: NOT_READY
11-02 23:55:10.349  1564  1564 D SubscriptionInfoUpdater: Ignoring simStatus: NOT_READY
11-02 23:55:10.349  1564  1564 D SubscriptionInfoUpdater: [Receiver]-
11-02 23:55:10.349  1564  1583 D SubscriptionController: [getActiveSubInfoList] Sub Controller not ready
11-02 23:55:10.437  1564  1564 D RILJ    : handleMessage: EVENT_RADIO_PROXY_DEAD cookie = 5 mRadioProxyCookie = 8 [SUB0]
11-02 23:55:10.703  1564  1875 D SmsBroadcastUndelivered: finished scanning raw table in 429 ms
11-02 23:55:11.031  1564  1564 D RILJ    : handleMessage: EVENT_RADIO_PROXY_DEAD cookie = 6 mRadioProxyCookie = 8 [SUB0]
11-02 23:55:11.066  1564  1564 D RILJ    : handleMessage: EVENT_RADIO_PROXY_DEAD cookie = 7 mRadioProxyCookie = 8 [SUB0]
11-02 23:55:11.453  1564  1564 D DCT     : [0]onTrySetupData: reason=dataEnabled
11-02 23:55:11.454  1564  1564 D DCT     : [0]setupDataOnConnectableApns: dataEnabled hipri:[state=IDLE,enabled=false] mms:[state=IDLE,enabled=false] supl:[state=IDLE,enabled=false] default:[state=IDLE,enabled=false] dun:[state=IDLE,enabled=false] 
11-02 23:55:11.454  1564  1564 D RILJ    : handleMessage: EVENT_RADIO_PROXY_DEAD cookie = 8 mRadioProxyCookie = 8 [SUB0]
11-02 23:55:11.458  1564  1564 E RILJ    : RadioProxy getService/setResponseFunctions: java.util.NoSuchElementException [SUB0]
11-02 23:55:11.459  1564  1564 E RILJ    : OemHookProxy getService/setResponseFunctions: java.util.NoSuchElementException [SUB0]
11-02 23:55:15.460  1564  1564 D RILJ    : handleMessage: EVENT_RADIO_PROXY_DEAD cookie = 10 mRadioProxyCookie = 11 [SUB0]
11-02 23:55:15.460  1564  1564 D RILJ    : handleMessage: EVENT_RADIO_PROXY_DEAD cookie = 11 mRadioProxyCookie = 11 [SUB0]
11-02 23:55:15.462  1564  1564 E RILJ    : RadioProxy getService/setResponseFunctions: java.util.NoSuchElementException [SUB0]
11-02 23:55:15.463  1564  1564 E RILJ    : OemHookProxy getService/setResponseFunctions: java.util.NoSuchElementException [SUB0]
11-02 23:55:19.132  1564  1564 D CarrierSignalAgent: [0]CarrierSignalAgent receiver action: android.telephony.action.CARRIER_CONFIG_CHANGED
11-02 23:55:19.137  1564  1564 D CarrierSignalAgent: [0]Loading carrier config: carrier_app_wake_signal_config
11-02 23:55:19.138  1564  1564 D CarrierSignalAgent: [0]Loading carrier config: carrier_app_no_wake_signal_config
11-02 23:55:19.139  1564  1564 D GsmCdmaPhone: mBroadcastReceiver: action android.telephony.action.CARRIER_CONFIG_CHANGED
11-02 23:55:19.144  1564  1564 I CSST    : reading time to delay notification: -1
11-02 23:55:19.147  1564  1564 D SubscriptionController: [getSlotIndex]- subId invalid
11-02 23:55:19.156  1564  1564 D ImsManager: updateVolteFeatureValue: available = false, enabled = true, nonTTY = true
11-02 23:55:19.156  1564  1564 I ImsManager: Creating ImsService using ServiceManager
11-02 23:55:19.158  1564  1564 E ImsManager: updateImsServiceConfig: 
11-02 23:55:19.158  1564  1564 E ImsManager: com.android.ims.ImsException: getConfigInterface()
11-02 23:55:19.158  1564  1564 E ImsManager: 	at com.android.ims.ImsManager.getConfigInterface(ImsManager.java:1793)
11-02 23:55:19.158  1564  1564 E ImsManager: 	at com.android.ims.ImsManager.updateVolteFeatureValue(ImsManager.java:1309)
11-02 23:55:19.158  1564  1564 E ImsManager: 	at com.android.ims.ImsManager.updateImsServiceConfig(ImsManager.java:1219)
11-02 23:55:19.158  1564  1564 E ImsManager: 	at com.android.internal.telephony.GsmCdmaPhone.handleMessage(GsmCdmaPhone.java:2162)
11-02 23:55:19.158  1564  1564 E ImsManager: 	at android.os.Handler.dispatchMessage(Handler.java:105)
11-02 23:55:19.158  1564  1564 E ImsManager: 	at android.os.Looper.loop(Looper.java:164)
11-02 23:55:19.158  1564  1564 E ImsManager: 	at android.app.ActivityThread.main(ActivityThread.java:6541)
11-02 23:55:19.158  1564  1564 E ImsManager: 	at java.lang.reflect.Method.invoke(Native Method)
11-02 23:55:19.158  1564  1564 E ImsManager: 	at com.android.internal.os.Zygote$MethodAndArgsCaller.run(Zygote.java:240)
11-02 23:55:19.158  1564  1564 E ImsManager: 	at com.android.internal.os.ZygoteInit.main(ZygoteInit.java:767)
11-02 23:55:19.158  1564  1564 E ImsManager: Caused by: android.os.RemoteException: ImsServiceProxy is not available for that feature.
11-02 23:55:19.158  1564  1564 E ImsManager: 	at android.telephony.ims.ImsServiceProxyCompat.checkBinderConnection(ImsServiceProxyCompat.java:180)
11-02 23:55:19.158  1564  1564 E ImsManager: 	at android.telephony.ims.ImsServiceProxyCompat.getConfigInterface(ImsServiceProxyCompat.java:125)
11-02 23:55:19.158  1564  1564 E ImsManager: 	at com.android.ims.ImsManager.getConfigInterface(ImsManager.java:1786)
11-02 23:55:19.158  1564  1564 E ImsManager: 	... 9 more
11-02 23:55:19.159  1564  1564 D GsmCdmaPhone: [GsmCdmaPhone] broadcastEmergencyCallStateChanges = false
11-02 23:55:19.164  1564  1564 E GsmCdmaPhone: [GsmCdmaPhone] Invalid cdma_roaming_mode settings: -1
11-02 23:55:19.164  1564  1564 D EriManager: loadEriFileFromXml: check for alternate file
11-02 23:55:19.167  1564  1564 D EriManager: loadEriFileFromXml: no alternate file
11-02 23:55:19.169  1564  1564 D EriManager: eriFile = eri.xml
11-02 23:55:19.190  1564  1564 D EriManager: loadEriFileFromXml: eri parsing successful, file loaded. ver = 1357, # of entries = 176
11-02 23:55:19.191  1564  1564 D GsmCdmaPhone: [GsmCdmaPhone] ERI read, notify registrants
11-02 23:55:19.462  1564  1564 D RILJ    : handleMessage: EVENT_RADIO_PROXY_DEAD cookie = 13 mRadioProxyCookie = 14 [SUB0]
11-02 23:55:19.464  1564  1564 D RILJ    : handleMessage: EVENT_RADIO_PROXY_DEAD cookie = 14 mRadioProxyCookie = 14 [SUB0]
11-02 23:55:19.466  1564  1564 E RILJ    : RadioProxy getService/setResponseFunctions: java.util.NoSuchElementException [SUB0]
11-02 23:55:19.467  1564  1564 E RILJ    : OemHookProxy getService/setResponseFunctions: java.util.NoSuchElementException [SUB0]
11-02 23:55:20.998  1564  1771 D SubscriptionController: [getActiveSubInfoList] Sub Controller not ready
11-02 23:55:21.012  1564  1583 D SubscriptionController: [getActiveSubInfoList] Sub Controller not ready
11-02 23:55:21.016  1564  1770 D SubscriptionController: [getPhoneId] asked for default subId=-1
11-02 23:55:21.036  1564  1581 D SubscriptionController: [getActiveSubInfoList] Sub Controller not ready
11-02 23:55:21.049  1564  1770 D SubscriptionController: [getActiveSubInfoList] Sub Controller not ready
11-02 23:55:21.106  1564  1581 D SubscriptionController: [getActiveSubInfoList] Sub Controller not ready
11-02 23:55:21.316  1564  1564 W SmsApplication: com.android.phone does not have OP_WRITE_SMS:  (fixing)
11-02 23:55:21.331  1564  1564 W SmsApplication: com.android.bluetooth does not have OP_WRITE_SMS:  (fixing)
11-02 23:55:21.346  1564  1564 W SmsApplication: com.android.mms.service does not have OP_WRITE_SMS:  (fixing)
11-02 23:55:21.359  1564  1564 W SmsApplication: com.android.providers.telephony does not have OP_WRITE_SMS:  (fixing)
11-02 23:55:21.931  1564  1771 D SubscriptionController: [getPhoneId] asked for default subId=-1
11-02 23:55:22.854  1564  1564 D SipService: SipService: started!
11-02 23:55:22.873  1564  1564 D SipService: start:
11-02 23:55:23.263  1564  1564 D CAT     : com.android.stk.BootCompletedReceiver: [ACTION_BOOT_COMPLETED]
11-02 23:55:23.285  1564  1564 D CAT     : com.android.stk.StkAppService: onCreate()+
11-02 23:55:23.285  1564  1564 D CAT     : com.android.stk.StkAppService: simCount: 1
11-02 23:55:23.298  1564  1564 D CAT     : com.android.stk.StkAppService: slotId: 0
11-02 23:55:23.316  1564  1564 D CAT     : com.android.stk.StkAppService: onStart sim id: 0, op: 5, *****
11-02 23:55:23.316  1564  1564 D CAT     : com.android.stk.StkAppService: mStkService is: -1
11-02 23:55:23.319  1564  1564 D CAT     : StkAppInstaller: [setAppState]+
11-02 23:55:23.319  1564  1564 D CAT     : StkAppInstaller: Change app state[false]
11-02 23:55:23.323  1564  1564 D CAT     : StkAppInstaller: [setAppState]-
11-02 23:55:23.323  1564  1564 D CAT     : com.android.stk.StkAppService: onDestroy()
11-02 23:55:23.466  1564  1564 D RILJ    : handleMessage: EVENT_RADIO_PROXY_DEAD cookie = 16 mRadioProxyCookie = 17 [SUB0]
11-02 23:55:23.468  1564  1564 D RILJ    : handleMessage: EVENT_RADIO_PROXY_DEAD cookie = 17 mRadioProxyCookie = 17 [SUB0]
11-02 23:55:23.469  1564  1564 E RILJ    : RadioProxy getService/setResponseFunctions: java.util.NoSuchElementException [SUB0]
11-02 23:55:23.471  1564  1564 E RILJ    : OemHookProxy getService/setResponseFunctions: java.util.NoSuchElementException [SUB0]
11-02 23:55:23.561  1564  1583 D SubscriptionController: [getActiveSubInfoList] Sub Controller not ready
11-02 23:55:23.567  1564  1770 E RIL_UiccSmsController: Subscription -1 is inactive.
11-02 23:55:23.567  1564  1770 E RIL_UiccSmsController: enableCellBroadcastRangeForSubscriber iccSmsIntMgr is null for Subscription: -1
11-02 23:55:23.571  1564  1771 D SubscriptionController: [getActiveSubInfoList] Sub Controller not ready
11-02 23:55:23.573  1564  1583 E RIL_UiccSmsController: Subscription -1 is inactive.
11-02 23:55:23.573  1564  1583 E RIL_UiccSmsController: enableCellBroadcastRangeForSubscriber iccSmsIntMgr is null for Subscription: -1
11-02 23:55:23.577  1564  1581 D SubscriptionController: [getActiveSubInfoList] Sub Controller not ready
11-02 23:55:23.579  1564  1771 E RIL_UiccSmsController: Subscription -1 is inactive.
11-02 23:55:23.579  1564  1771 E RIL_UiccSmsController: enableCellBroadcastRangeForSubscriber iccSmsIntMgr is null for Subscription: -1
11-02 23:55:23.583  1564  1770 D SubscriptionController: [getActiveSubInfoList] Sub Controller not ready
11-02 23:55:23.586  1564  1581 E RIL_UiccSmsController: Subscription -1 is inactive.
11-02 23:55:23.586  1564  1581 E RIL_UiccSmsController: enableCellBroadcastRangeForSubscriber iccSmsIntMgr is null for Subscription: -1
11-02 23:55:23.589  1564  1583 D SubscriptionController: [getActiveSubInfoList] Sub Controller not ready
11-02 23:55:23.592  1564  1770 E RIL_UiccSmsController: Subscription -1 is inactive.
11-02 23:55:23.592  1564  1770 E RIL_UiccSmsController: disableCellBroadcastRangeForSubscriber iccSmsIntMgr is null for Subscription:-1
11-02 23:55:23.595  1564  1771 D SubscriptionController: [getActiveSubInfoList] Sub Controller not ready
11-02 23:55:23.598  1564  1583 E RIL_UiccSmsController: Subscription -1 is inactive.
11-02 23:55:23.598  1564  1583 E RIL_UiccSmsController: enableCellBroadcastRangeForSubscriber iccSmsIntMgr is null for Subscription: -1
11-02 23:55:23.601  1564  1581 D SubscriptionController: [getActiveSubInfoList] Sub Controller not ready
11-02 23:55:23.603  1564  1771 E RIL_UiccSmsController: Subscription -1 is inactive.
11-02 23:55:23.603  1564  1771 E RIL_UiccSmsController: enableCellBroadcastRangeForSubscriber iccSmsIntMgr is null for Subscription: -1
11-02 23:55:23.606  1564  1770 D SubscriptionController: [getActiveSubInfoList] Sub Controller not ready
11-02 23:55:23.609  1564  1581 E RIL_UiccSmsController: Subscription -1 is inactive.
11-02 23:55:23.609  1564  1581 E RIL_UiccSmsController: disableCellBroadcastRangeForSubscriber iccSmsIntMgr is null for Subscription:-1
11-02 23:55:23.614  1564  1583 D SubscriptionController: [getActiveSubInfoList] Sub Controller not ready
11-02 23:55:23.616  1564  1770 E RIL_UiccSmsController: Subscription -1 is inactive.
11-02 23:55:23.616  1564  1770 E RIL_UiccSmsController: enableCellBroadcastRangeForSubscriber iccSmsIntMgr is null for Subscription: -1
11-02 23:55:23.619  1564  1771 D SubscriptionController: [getActiveSubInfoList] Sub Controller not ready
11-02 23:55:23.622  1564  1583 E RIL_UiccSmsController: Subscription -1 is inactive.
11-02 23:55:23.622  1564  1583 E RIL_UiccSmsController: enableCellBroadcastRangeForSubscriber iccSmsIntMgr is null for Subscription: -1
11-02 23:55:23.626  1564  1581 D SubscriptionController: [getActiveSubInfoList] Sub Controller not ready
11-02 23:55:23.629  1564  1771 E RIL_UiccSmsController: Subscription -1 is inactive.
11-02 23:55:23.629  1564  1771 E RIL_UiccSmsController: enableCellBroadcastRangeForSubscriber iccSmsIntMgr is null for Subscription: -1
11-02 23:55:23.635  1564  1770 D SubscriptionController: [getActiveSubInfoList] Sub Controller not ready
11-02 23:55:23.638  1564  1581 E RIL_UiccSmsController: Subscription -1 is inactive.
11-02 23:55:23.638  1564  1581 E RIL_UiccSmsController: enableCellBroadcastRangeForSubscriber iccSmsIntMgr is null for Subscription: -1
11-02 23:55:23.642  1564  1583 D SubscriptionController: [getActiveSubInfoList] Sub Controller not ready
11-02 23:55:23.644  1564  1581 E RIL_UiccSmsController: Subscription -1 is inactive.
11-02 23:55:23.644  1564  1581 E RIL_UiccSmsController: disableCellBroadcastRangeForSubscriber iccSmsIntMgr is null for Subscription:-1
11-02 23:55:23.649  1564  1770 D SubscriptionController: [getActiveSubInfoList] Sub Controller not ready
11-02 23:55:23.653  1564  1581 E RIL_UiccSmsController: Subscription -1 is inactive.
11-02 23:55:23.653  1564  1581 E RIL_UiccSmsController: enableCellBroadcastRangeForSubscriber iccSmsIntMgr is null for Subscription: -1
11-02 23:55:23.662  1564  1770 D SubscriptionController: [getActiveSubInfoList] Sub Controller not ready
11-02 23:55:23.665  1564  1583 E RIL_UiccSmsController: Subscription -1 is inactive.
11-02 23:55:23.665  1564  1583 E RIL_UiccSmsController: enableCellBroadcastRangeForSubscriber iccSmsIntMgr is null for Subscription: -1
11-02 23:55:23.670  1564  1771 D SubscriptionController: [getActiveSubInfoList] Sub Controller not ready
11-02 23:55:23.674  1564  1770 E RIL_UiccSmsController: Subscription -1 is inactive.
11-02 23:55:23.674  1564  1770 E RIL_UiccSmsController: enableCellBroadcastRangeForSubscriber iccSmsIntMgr is null for Subscription: -1
11-02 23:55:23.682  1564  1581 D SubscriptionController: [getActiveSubInfoList] Sub Controller not ready
11-02 23:55:23.685  1564  1771 E RIL_UiccSmsController: Subscription -1 is inactive.
11-02 23:55:23.685  1564  1771 E RIL_UiccSmsController: enableCellBroadcastRangeForSubscriber iccSmsIntMgr is null for Subscription: -1
11-02 23:55:23.689  1564  1583 D SubscriptionController: [getActiveSubInfoList] Sub Controller not ready
11-02 23:55:23.692  1564  1581 E RIL_UiccSmsController: Subscription -1 is inactive.
11-02 23:55:23.692  1564  1581 E RIL_UiccSmsController: disableCellBroadcastRangeForSubscriber iccSmsIntMgr is null for Subscription:-1
11-02 23:55:23.696  1564  1770 D SubscriptionController: [getActiveSubInfoList] Sub Controller not ready
11-02 23:55:23.700  1564  1583 E RIL_UiccSmsController: Subscription -1 is inactive.
11-02 23:55:23.700  1564  1583 E RIL_UiccSmsController: disableCellBroadcastRangeForSubscriber iccSmsIntMgr is null for Subscription:-1
